// Jest Snapshot v1, https://goo.gl/fbAQLP

exports[`Should render ExpenseListItem with expenses 1`] = `
<Link
  className="list-item"
  replace={false}
  to="/edit/1"
>
  <div>
    <h3
      className="list-item__title"
    >
      Gum
    </h3>
    <span
      className="list-item__subtitle"
    >
      1 janvier 1970
    </span>
  </div>
  <h3
    className="list-item__data"
  >
    â‚¬2.00
     
  </h3>
</Link>
`;
