// Jest Snapshot v1, https://goo.gl/fbAQLP

exports[`Should render Header 1`] = `
<header>
  <h1>
    EXPENSIFY
  </h1>
  <NavLink
    activeClassName="is-active"
    aria-current="page"
    exact={true}
    to="/"
  >
    Dashboard 
  </NavLink>
  <NavLink
    activeClassName="is-active"
    aria-current="page"
    to="/create"
  >
    Create Expense 
  </NavLink>
</header>
`;
