// Jest Snapshot v1, https://goo.gl/fbAQLP

exports[`Should render NotFound  1`] = `
<div>
  404 ! - 
  <Link
    replace={false}
    to="/"
  >
    Go home
  </Link>
</div>
`;
